error: compilation successful
  --> $DIR/range_traits-5.rs:9:1
   |
LL | fn main() {} //~ ERROR success
   | ^^^^^^^^^^^^

error: aborting due to previous error

