error: unexpected `--cfg target_abi="gnu"` flag
   |
   = note: config `target_abi` is only supposed to be controlled by `--target`
   = note: manually setting a built-in cfg does create incoherent behaviors
   = note: `#[deny(unexpected_builtin_cfgs)]` on by default

error: aborting due to 1 previous error

