warning: attempt to shift left with overflow
  --> $DIR/overflowing-lsh-1.rs:9:14
   |
LL |     let _x = 1_i32 << 32;
   |              ^^^^^^^^^^^
   |
note: lint level defined here
  --> $DIR/overflowing-lsh-1.rs:6:9
   |
LL | #![warn(const_err)]
   |         ^^^^^^^^^

