error: type ascriptions are not allowed in lvalue contexts
  --> $DIR/type-ascription-soundness.rs:7:17
   |
LL |     let ref x = arr: &[u8];
   |                 ^^^^^^^^^^
   |
help: try to use the type ascription when creating the local variable
   |
LL | let arr: &[u8] = &[1u8, 2, 3];
   | ^^^^^^^^^^^^^^

error: type ascriptions are not allowed in lvalue contexts
  --> $DIR/type-ascription-soundness.rs:8:21
   |
LL |     let ref mut x = arr: &[u8];
   |                     ^^^^^^^^^^
   |
help: try to use the type ascription when creating the local variable
   |
LL | let arr: &[u8] = &[1u8, 2, 3];
   | ^^^^^^^^^^^^^^

error: type ascriptions are not allowed in lvalue contexts
  --> $DIR/type-ascription-soundness.rs:9:11
   |
LL |     match arr: &[u8] {
   |           ^^^^^^^^^^
   |
help: try to use the type ascription when creating the local variable
   |
LL | let arr: &[u8] = &[1u8, 2, 3];
   | ^^^^^^^^^^^^^^

error: type ascriptions are not allowed in lvalue contexts
  --> $DIR/type-ascription-soundness.rs:9:11
   |
LL |     match arr: &[u8] {
   |           ^^^^^^^^^^
   |
help: try to use the type ascription when creating the local variable
   |
LL | let arr: &[u8] = &[1u8, 2, 3];
   | ^^^^^^^^^^^^^^

error: type ascriptions are not allowed in lvalue contexts
  --> $DIR/type-ascription-soundness.rs:12:16
   |
LL |     let _len = (arr: &[u8]).len();
   |                ^^^^^^^^^^^^
   |
help: try to use the type ascription when creating the local variable
   |
LL | let arr: &[u8] = &[1u8, 2, 3];
   | ^^^^^^^^^^^^^^

error: aborting due to 5 previous errors

