error[E0309]: the parameter type `K` may not live long enough
  --> $DIR/lifetime-doesnt-live-long-enough.rs:36:33
   |
LL |     fn generic_in_parent<'a, L: X<&'a Nested<K>>>() {
   |                          --     ^^^^^^^^^^^^^^^^ ...so that the reference type `&'a Nested<K>` does not outlive the data it points at
   |                          |
   |                          the parameter type `K` must be valid for the lifetime `'a` as defined here...
   |
help: consider adding an explicit lifetime bound
   |
LL |     fn generic_in_parent<'a, L: X<&'a Nested<K>>>() where K: 'a {
   |                                                     +++++++++++

error[E0309]: the parameter type `M` may not live long enough
  --> $DIR/lifetime-doesnt-live-long-enough.rs:39:36
   |
LL |     fn generic_in_child<'a, 'b, L: X<&'a Nested<M>>, M: 'b>() {
   |                         --         ^^^^^^^^^^^^^^^^ ...so that the reference type `&'a Nested<M>` does not outlive the data it points at
   |                         |
   |                         the parameter type `M` must be valid for the lifetime `'a` as defined here...
   |
help: consider adding an explicit lifetime bound
   |
LL |     fn generic_in_child<'a, 'b, L: X<&'a Nested<M>>, M: 'b + 'a>() {
   |                                                            ++++

error[E0309]: the parameter type `K` may not live long enough
  --> $DIR/lifetime-doesnt-live-long-enough.rs:19:19
   |
LL |     fn foo<'a, L: X<&'a Nested<K>>>();
   |            --     ^^^^^^^^^^^^^^^^ ...so that the reference type `&'a Nested<K>` does not outlive the data it points at
   |            |
   |            the parameter type `K` must be valid for the lifetime `'a` as defined here...
   |
help: consider adding an explicit lifetime bound
   |
LL |     fn foo<'a, L: X<&'a Nested<K>>>() where K: 'a;
   |                                       +++++++++++

error[E0309]: the parameter type `Self` may not live long enough
  --> $DIR/lifetime-doesnt-live-long-enough.rs:23:19
   |
LL |     fn bar<'a, L: X<&'a Nested<Self>>>();
   |            --     ^^^^^^^^^^^^^^^^^^^ ...so that the reference type `&'a Nested<Self>` does not outlive the data it points at
   |            |
   |            the parameter type `Self` must be valid for the lifetime `'a` as defined here...
   |
help: consider adding an explicit lifetime bound
   |
LL |     fn bar<'a, L: X<&'a Nested<Self>>>() where Self: 'a;
   |                                          ++++++++++++++

error[E0309]: the parameter type `L` may not live long enough
  --> $DIR/lifetime-doesnt-live-long-enough.rs:27:22
   |
LL |     fn baz<'a, L, M: X<&'a Nested<L>>>() {
   |            --        ^^^^^^^^^^^^^^^^ ...so that the reference type `&'a Nested<L>` does not outlive the data it points at
   |            |
   |            the parameter type `L` must be valid for the lifetime `'a` as defined here...
   |
help: consider adding an explicit lifetime bound
   |
LL |     fn baz<'a, L: 'a, M: X<&'a Nested<L>>>() {
   |                 ++++

error: aborting due to 5 previous errors

For more information about this error, try `rustc --explain E0309`.
