error: you seem to be trying to use `&Box<T>`. Consider using just `&T`
  --> tests/ui/borrow_box.rs:25:14
   |
LL |     let foo: &Box<bool>;
   |              ^^^^^^^^^^
   |
note: the lint level is defined here
  --> tests/ui/borrow_box.rs:1:9
   |
LL | #![deny(clippy::borrowed_box)]
   |         ^^^^^^^^^^^^^^^^^^^^
help: try
   |
LL |     let foo: &bool;
   |              ~~~~~

error: you seem to be trying to use `&Box<T>`. Consider using just `&T`
  --> tests/ui/borrow_box.rs:30:10
   |
LL |     foo: &'a Box<bool>,
   |          ^^^^^^^^^^^^^
   |
help: try
   |
LL |     foo: &'a bool,
   |          ~~~~~~~~

error: you seem to be trying to use `&Box<T>`. Consider using just `&T`
  --> tests/ui/borrow_box.rs:35:17
   |
LL |     fn test4(a: &Box<bool>);
   |                 ^^^^^^^^^^
   |
help: try
   |
LL |     fn test4(a: &bool);
   |                 ~~~~~

error: you seem to be trying to use `&Box<T>`. Consider using just `&T`
  --> tests/ui/borrow_box.rs:102:25
   |
LL | pub fn test14(_display: &Box<dyn Display>) {}
   |                         ^^^^^^^^^^^^^^^^^
   |
help: try
   |
LL | pub fn test14(_display: &dyn Display) {}
   |                         ~~~~~~~~~~~~

error: you seem to be trying to use `&Box<T>`. Consider using just `&T`
  --> tests/ui/borrow_box.rs:104:25
   |
LL | pub fn test15(_display: &Box<dyn Display + Send>) {}
   |                         ^^^^^^^^^^^^^^^^^^^^^^^^
   |
help: try
   |
LL | pub fn test15(_display: &(dyn Display + Send)) {}
   |                         ~~~~~~~~~~~~~~~~~~~~~

error: you seem to be trying to use `&Box<T>`. Consider using just `&T`
  --> tests/ui/borrow_box.rs:106:29
   |
LL | pub fn test16<'a>(_display: &'a Box<dyn Display + 'a>) {}
   |                             ^^^^^^^^^^^^^^^^^^^^^^^^^
   |
help: try
   |
LL | pub fn test16<'a>(_display: &'a (dyn Display + 'a)) {}
   |                             ~~~~~~~~~~~~~~~~~~~~~~

error: you seem to be trying to use `&Box<T>`. Consider using just `&T`
  --> tests/ui/borrow_box.rs:109:25
   |
LL | pub fn test17(_display: &Box<impl Display>) {}
   |                         ^^^^^^^^^^^^^^^^^^
   |
help: try
   |
LL | pub fn test17(_display: &impl Display) {}
   |                         ~~~~~~~~~~~~~

error: you seem to be trying to use `&Box<T>`. Consider using just `&T`
  --> tests/ui/borrow_box.rs:111:25
   |
LL | pub fn test18(_display: &Box<impl Display + Send>) {}
   |                         ^^^^^^^^^^^^^^^^^^^^^^^^^
   |
help: try
   |
LL | pub fn test18(_display: &(impl Display + Send)) {}
   |                         ~~~~~~~~~~~~~~~~~~~~~~

error: you seem to be trying to use `&Box<T>`. Consider using just `&T`
  --> tests/ui/borrow_box.rs:113:29
   |
LL | pub fn test19<'a>(_display: &'a Box<impl Display + 'a>) {}
   |                             ^^^^^^^^^^^^^^^^^^^^^^^^^^
   |
help: try
   |
LL | pub fn test19<'a>(_display: &'a (impl Display + 'a)) {}
   |                             ~~~~~~~~~~~~~~~~~~~~~~~

error: you seem to be trying to use `&Box<T>`. Consider using just `&T`
  --> tests/ui/borrow_box.rs:119:25
   |
LL | pub fn test20(_display: &Box<(dyn Display + Send)>) {}
   |                         ^^^^^^^^^^^^^^^^^^^^^^^^^^
   |
help: try
   |
LL | pub fn test20(_display: &(dyn Display + Send)) {}
   |                         ~~~~~~~~~~~~~~~~~~~~~

error: aborting due to 10 previous errors

