error: it is more concise to loop over references to containers instead of using explicit iteration methods
  --> tests/ui/explicit_iter_loop.rs:18:14
   |
LL |     for _ in vec.iter() {}
   |              ^^^^^^^^^^
   |
note: the lint level is defined here
  --> tests/ui/explicit_iter_loop.rs:1:9
   |
LL | #![deny(clippy::explicit_iter_loop)]
   |         ^^^^^^^^^^^^^^^^^^^^^^^^^^
help: to write this more concisely, try
   |
LL |     for _ in &vec {}
   |              ~~~~

error: it is more concise to loop over references to containers instead of using explicit iteration methods
  --> tests/ui/explicit_iter_loop.rs:19:14
   |
LL |     for _ in vec.iter_mut() {}
   |              ^^^^^^^^^^^^^^
   |
help: to write this more concisely, try
   |
LL |     for _ in &mut vec {}
   |              ~~~~~~~~

error: it is more concise to loop over references to containers instead of using explicit iteration methods
  --> tests/ui/explicit_iter_loop.rs:22:14
   |
LL |     for _ in rvec.iter() {}
   |              ^^^^^^^^^^^
   |
help: to write this more concisely, try
   |
LL |     for _ in rvec {}
   |              ~~~~

error: it is more concise to loop over references to containers instead of using explicit iteration methods
  --> tests/ui/explicit_iter_loop.rs:31:14
   |
LL |     for _ in [1, 2, 3].iter() {}
   |              ^^^^^^^^^^^^^^^^
   |
help: to write this more concisely, try
   |
LL |     for _ in &[1, 2, 3] {}
   |              ~~~~~~~~~~

error: it is more concise to loop over references to containers instead of using explicit iteration methods
  --> tests/ui/explicit_iter_loop.rs:35:14
   |
LL |     for _ in [0; 32].iter() {}
   |              ^^^^^^^^^^^^^^
   |
help: to write this more concisely, try
   |
LL |     for _ in &[0; 32] {}
   |              ~~~~~~~~

error: it is more concise to loop over references to containers instead of using explicit iteration methods
  --> tests/ui/explicit_iter_loop.rs:36:14
   |
LL |     for _ in [0; 33].iter() {}
   |              ^^^^^^^^^^^^^^
   |
help: to write this more concisely, try
   |
LL |     for _ in &[0; 33] {}
   |              ~~~~~~~~

error: it is more concise to loop over references to containers instead of using explicit iteration methods
  --> tests/ui/explicit_iter_loop.rs:39:14
   |
LL |     for _ in ll.iter() {}
   |              ^^^^^^^^^
   |
help: to write this more concisely, try
   |
LL |     for _ in &ll {}
   |              ~~~

error: it is more concise to loop over references to containers instead of using explicit iteration methods
  --> tests/ui/explicit_iter_loop.rs:41:14
   |
LL |     for _ in rll.iter() {}
   |              ^^^^^^^^^^
   |
help: to write this more concisely, try
   |
LL |     for _ in rll {}
   |              ~~~

error: it is more concise to loop over references to containers instead of using explicit iteration methods
  --> tests/ui/explicit_iter_loop.rs:44:14
   |
LL |     for _ in vd.iter() {}
   |              ^^^^^^^^^
   |
help: to write this more concisely, try
   |
LL |     for _ in &vd {}
   |              ~~~

error: it is more concise to loop over references to containers instead of using explicit iteration methods
  --> tests/ui/explicit_iter_loop.rs:46:14
   |
LL |     for _ in rvd.iter() {}
   |              ^^^^^^^^^^
   |
help: to write this more concisely, try
   |
LL |     for _ in rvd {}
   |              ~~~

error: it is more concise to loop over references to containers instead of using explicit iteration methods
  --> tests/ui/explicit_iter_loop.rs:49:14
   |
LL |     for _ in bh.iter() {}
   |              ^^^^^^^^^
   |
help: to write this more concisely, try
   |
LL |     for _ in &bh {}
   |              ~~~

error: it is more concise to loop over references to containers instead of using explicit iteration methods
  --> tests/ui/explicit_iter_loop.rs:52:14
   |
LL |     for _ in hm.iter() {}
   |              ^^^^^^^^^
   |
help: to write this more concisely, try
   |
LL |     for _ in &hm {}
   |              ~~~

error: it is more concise to loop over references to containers instead of using explicit iteration methods
  --> tests/ui/explicit_iter_loop.rs:55:14
   |
LL |     for _ in bt.iter() {}
   |              ^^^^^^^^^
   |
help: to write this more concisely, try
   |
LL |     for _ in &bt {}
   |              ~~~

error: it is more concise to loop over references to containers instead of using explicit iteration methods
  --> tests/ui/explicit_iter_loop.rs:58:14
   |
LL |     for _ in hs.iter() {}
   |              ^^^^^^^^^
   |
help: to write this more concisely, try
   |
LL |     for _ in &hs {}
   |              ~~~

error: it is more concise to loop over references to containers instead of using explicit iteration methods
  --> tests/ui/explicit_iter_loop.rs:61:14
   |
LL |     for _ in bs.iter() {}
   |              ^^^^^^^^^
   |
help: to write this more concisely, try
   |
LL |     for _ in &bs {}
   |              ~~~

error: it is more concise to loop over references to containers instead of using explicit iteration methods
  --> tests/ui/explicit_iter_loop.rs:150:14
   |
LL |     for _ in x.iter() {}
   |              ^^^^^^^^
   |
help: to write this more concisely, try
   |
LL |     for _ in &x {}
   |              ~~

error: it is more concise to loop over references to containers instead of using explicit iteration methods
  --> tests/ui/explicit_iter_loop.rs:151:14
   |
LL |     for _ in x.iter_mut() {}
   |              ^^^^^^^^^^^^
   |
help: to write this more concisely, try
   |
LL |     for _ in &mut x {}
   |              ~~~~~~

error: it is more concise to loop over references to containers instead of using explicit iteration methods
  --> tests/ui/explicit_iter_loop.rs:154:14
   |
LL |     for _ in r.iter() {}
   |              ^^^^^^^^
   |
help: to write this more concisely, try
   |
LL |     for _ in r {}
   |              ~

error: aborting due to 18 previous errors

