error: `filter_map()` will run forever if the iterator repeatedly produces an `Err`
  --> tests/ui/lines_filter_map_ok.rs:9:31
   |
LL |     BufReader::new(f).lines().filter_map(Result::ok).for_each(|_| ());
   |                               ^^^^^^^^^^^^^^^^^^^^^^
   |
note: this expression returning a `std::io::Lines` may produce an infinite number of `Err` in case of a read error
  --> tests/ui/lines_filter_map_ok.rs:9:5
   |
LL |     BufReader::new(f).lines().filter_map(Result::ok).for_each(|_| ());
   |     ^^^^^^^^^^^^^^^^^^^^^^^^^
   = note: `-D clippy::lines-filter-map-ok` implied by `-D warnings`
   = help: to override `-D warnings` add `#[allow(clippy::lines_filter_map_ok)]`
help: replace with
   |
LL |     BufReader::new(f).lines().map_while(Result::ok).for_each(|_| ());
   |                               ~~~~~~~~~~~~~~~~~~~~~

error: `flat_map()` will run forever if the iterator repeatedly produces an `Err`
  --> tests/ui/lines_filter_map_ok.rs:12:31
   |
LL |     BufReader::new(f).lines().flat_map(Result::ok).for_each(|_| ());
   |                               ^^^^^^^^^^^^^^^^^^^^
   |
note: this expression returning a `std::io::Lines` may produce an infinite number of `Err` in case of a read error
  --> tests/ui/lines_filter_map_ok.rs:12:5
   |
LL |     BufReader::new(f).lines().flat_map(Result::ok).for_each(|_| ());
   |     ^^^^^^^^^^^^^^^^^^^^^^^^^
help: replace with
   |
LL |     BufReader::new(f).lines().map_while(Result::ok).for_each(|_| ());
   |                               ~~~~~~~~~~~~~~~~~~~~~

error: `flatten()` will run forever if the iterator repeatedly produces an `Err`
  --> tests/ui/lines_filter_map_ok.rs:15:31
   |
LL |     BufReader::new(f).lines().flatten().for_each(|_| ());
   |                               ^^^^^^^^^
   |
note: this expression returning a `std::io::Lines` may produce an infinite number of `Err` in case of a read error
  --> tests/ui/lines_filter_map_ok.rs:15:5
   |
LL |     BufReader::new(f).lines().flatten().for_each(|_| ());
   |     ^^^^^^^^^^^^^^^^^^^^^^^^^
help: replace with
   |
LL |     BufReader::new(f).lines().map_while(Result::ok).for_each(|_| ());
   |                               ~~~~~~~~~~~~~~~~~~~~~

error: `filter_map()` will run forever if the iterator repeatedly produces an `Err`
  --> tests/ui/lines_filter_map_ok.rs:19:25
   |
LL |     io::stdin().lines().filter_map(Result::ok).for_each(|_| ());
   |                         ^^^^^^^^^^^^^^^^^^^^^^
   |
note: this expression returning a `std::io::Lines` may produce an infinite number of `Err` in case of a read error
  --> tests/ui/lines_filter_map_ok.rs:19:5
   |
LL |     io::stdin().lines().filter_map(Result::ok).for_each(|_| ());
   |     ^^^^^^^^^^^^^^^^^^^
help: replace with
   |
LL |     io::stdin().lines().map_while(Result::ok).for_each(|_| ());
   |                         ~~~~~~~~~~~~~~~~~~~~~

error: `filter_map()` will run forever if the iterator repeatedly produces an `Err`
  --> tests/ui/lines_filter_map_ok.rs:21:25
   |
LL |     io::stdin().lines().filter_map(|x| x.ok()).for_each(|_| ());
   |                         ^^^^^^^^^^^^^^^^^^^^^^
   |
note: this expression returning a `std::io::Lines` may produce an infinite number of `Err` in case of a read error
  --> tests/ui/lines_filter_map_ok.rs:21:5
   |
LL |     io::stdin().lines().filter_map(|x| x.ok()).for_each(|_| ());
   |     ^^^^^^^^^^^^^^^^^^^
help: replace with
   |
LL |     io::stdin().lines().map_while(Result::ok).for_each(|_| ());
   |                         ~~~~~~~~~~~~~~~~~~~~~

error: `flatten()` will run forever if the iterator repeatedly produces an `Err`
  --> tests/ui/lines_filter_map_ok.rs:23:25
   |
LL |     io::stdin().lines().flatten().for_each(|_| ());
   |                         ^^^^^^^^^
   |
note: this expression returning a `std::io::Lines` may produce an infinite number of `Err` in case of a read error
  --> tests/ui/lines_filter_map_ok.rs:23:5
   |
LL |     io::stdin().lines().flatten().for_each(|_| ());
   |     ^^^^^^^^^^^^^^^^^^^
help: replace with
   |
LL |     io::stdin().lines().map_while(Result::ok).for_each(|_| ());
   |                         ~~~~~~~~~~~~~~~~~~~~~

error: aborting due to 6 previous errors

