error: redundant field names in struct initialization
  --> $DIR/redundant_field_initializers.rs:26:9
   |
LL |         gender: gender,
   |         ^^^^^^^^^^^^^^ help: replace it with: `gender`
   |
note: the lint level is defined here
  --> $DIR/redundant_field_initializers.rs:2:9
   |
LL | #![deny(redundant_field_initializers)]
   |         ^^^^^^^^^^^^^^^^^^^^^^^^^^^^

error: redundant field names in struct initialization
  --> $DIR/redundant_field_initializers.rs:28:9
   |
LL |         age: age,
   |         ^^^^^^^^ help: replace it with: `age`

error: redundant field names in struct initialization
  --> $DIR/redundant_field_initializers.rs:50:25
   |
LL |     let _ = RangeFrom { start: start };
   |                         ^^^^^^^^^^^^ help: replace it with: `start`

error: redundant field names in struct initialization
  --> $DIR/redundant_field_initializers.rs:51:23
   |
LL |     let _ = RangeTo { end: end };
   |                       ^^^^^^^^ help: replace it with: `end`

error: redundant field names in struct initialization
  --> $DIR/redundant_field_initializers.rs:53:9
   |
LL |         start: start,
   |         ^^^^^^^^^^^^ help: replace it with: `start`

error: redundant field names in struct initialization
  --> $DIR/redundant_field_initializers.rs:54:9
   |
LL |         end: end
   |         ^^^^^^^^ help: replace it with: `end`

error: redundant field names in struct initialization
  --> $DIR/redundant_field_initializers.rs:57:32
   |
LL |     let _ = RangeToInclusive { end: end };
   |                                ^^^^^^^^ help: replace it with: `end`

error: aborting due to 7 previous errors

